// Jest Snapshot v1, https://goo.gl/fbAQLP

exports[`<Cake /> Renders Cake 1`] = `
<li
  className="Cake"
>
  <div
    style={
      Object {
        "display": "initial",
      }
    }
  >
    <h2
      className="Cake-title"
    >
       
       
    </h2>
    <p>
       
       
    </p>
    <img
      alt={undefined}
      className="Cake-image"
      src={undefined}
    />
  </div>
  <form
    className="CakeForm"
    style={
      Object {
        "display": "none",
      }
    }
  >
    <label
      htmlFor="title"
    >
       Title 
    </label>
    <input
      className="CakeForm-input"
      id="title"
      name="title"
      onChange={[Function]}
      placeholder="Title"
      required={true}
      type="text"
      value={undefined}
    />
    <label
      htmlFor="desc"
    >
       Description 
    </label>
    <textarea
      className="CakeForm-input"
      cols="30"
      id="desc"
      name="desc"
      onChange={[Function]}
      placeholder="Description"
      rows="10"
      value={undefined}
    />
    <label
      htmlFor="image"
    >
       Image 
    </label>
    <input
      className="CakeForm-input"
      id="image"
      name="image"
      onChange={[Function]}
      placeholder="Image URL"
      type="url"
      value={undefined}
    />
    <button
      className="CakeForm-submit CakeForm-input"
      onClick={[Function]}
      style={
        Object {
          "display": "initial",
        }
      }
      type="submit"
    >
      Add
    </button>
  </form>
  <div>
    <button
      className="Cake-finish"
      onClick={[Function]}
      style={
        Object {
          "display": "none",
        }
      }
      value={undefined}
    >
       👍 
    </button>
    <button
      className="Cake-edit"
      onClick={[Function]}
      style={
        Object {
          "display": "initial",
        }
      }
      value={undefined}
    >
       🖊 
    </button>
    <button
      className="Cake-remove"
      onClick={undefined}
      style={
        Object {
          "display": "initial",
        }
      }
      value={undefined}
    >
       🗑 
    </button>
  </div>
</li>
`;
